<html>
<body>
<pre>
<h1>µVision Build Log</h1>
<h2>Project:</h2>
D:\Work Station\SherlockLee-BufferModeForInterpreter-fb410ba\USART_test\USART.uvproj
Project File Date:  08/08/2011

<h2>Output:</h2>
Build target 'USART'
assembling STM32F10x.s...
creating preprocessor file for main.c...
compiling main.c...
creating preprocessor file for stm32f10x_it.c...
compiling stm32f10x_it.c...
creating preprocessor file for canon_pre.c...
compiling canon_pre.c...
creating preprocessor file for rs274ngc_pre.c...
compiling rs274ngc_pre.c...
rs274ngc_pre.c(9649): warning:  #186-D: pointless comparison of unsigned integer with zero
rs274ngc_pre.c(12128): warning:  #181-D: argument is incompatible with corresponding format string conversion
linking...
Program Size: Code=92676 RO-data=12588 RW-data=2376 ZI-data=56304  
FromELF: creating hex file...
".\obj\USART.axf" - 0 Error(s), 2 Warning(s).
